C51 COMPILER V9.00   ALGO                                                                  06/27/2015 09:59:03 PAGE 1   


C51 COMPILER V9.00, COMPILATION OF MODULE ALGO
OBJECT MODULE PLACED IN ..\OBJ\algo.obj
COMPILER INVOKED BY: D:\Program Files\Keil\C51\BIN\C51.EXE ..\USER\algo.c BROWSE INCDIR(..\HARDWARE\LCD12864;..\HARDWARE
                    -\TIMER;..\HARDWARE\TLC5615;..\PROJECT;..\USER;..\HARDWARE\LCD1602) DEBUG OBJECTEXTEND PRINT(.\algo.lst) OBJECT(..\OBJ\al
                    -go.obj)

line level    source

   1          #include "algo.h"
   2          #include "tlc5615.h"
   3          #include "timer.h"
   4          
   5          
   6          u16 mid[] = {(MIN+MAX)>>1,MIN,MAX};
   7          
   8          void dich()
   9          {
  10   1              u16 temp = 0;
  11   1              u16 num = 9;
  12   1              mid[0] = (MIN+MAX)>>1;
  13   1              mid[1] = MIN;
  14   1              mid[2] = MAX;
  15   1              while(num--)
  16   1              {
  17   2                      if(!value)
  18   2                      {
  19   3                              temp = mid[0];
  20   3                              mid[0] = (mid[0]+mid[1])>>1;
  21   3                              mid[2] = temp;
  22   3                      }
  23   2                      else
  24   2                      {
  25   3                              temp = mid[0];
  26   3                              mid[0] = (mid[0]+mid[2])>>1;
  27   3                              mid[1] = temp;
  28   3                      }
  29   2                      DA_Conver(mid[0]);
  30   2              }
  31   1      }


MODULE INFORMATION:   STATIC OVERLAYABLE
   CODE SIZE        =    110    ----
   CONSTANT SIZE    =   ----    ----
   XDATA SIZE       =   ----    ----
   PDATA SIZE       =   ----    ----
   DATA SIZE        =      6       4
   IDATA SIZE       =   ----    ----
   BIT SIZE         =   ----    ----
END OF MODULE INFORMATION.


C51 COMPILATION COMPLETE.  0 WARNING(S),  0 ERROR(S)
