C51 COMPILER V9.00   MAN                                                                   06/27/2015 09:59:03 PAGE 1   


C51 COMPILER V9.00, COMPILATION OF MODULE MAN
OBJECT MODULE PLACED IN ..\OBJ\man.obj
COMPILER INVOKED BY: D:\Program Files\Keil\C51\BIN\C51.EXE man.c BROWSE INCDIR(..\HARDWARE\LCD12864;..\HARDWARE\TIMER;..
                    -\HARDWARE\TLC5615;..\PROJECT;..\USER;..\HARDWARE\LCD1602) DEBUG OBJECTEXTEND OBJECT(..\OBJ\man.obj)

line level    source

   1          #include "man.h"
   2          #include "timer.h"
   3          #include "lcd12864.h"
   4          #include "display.h"
   5          #include "tlc5615.h"
   6          #include "algo.h"
   7          //#include "lcd1602.h"
   8          
   9          
  10          sbit out = P1^4;
  11          
  12          //主函数
  13          void
  14          main(void)
  15          {
  16   1              //初始化相关代码
  17   1              led = 0;
  18   1              MnInit();
  19   1              while(1)
  20   1              {
  21   2                      dich();
  22   2                      if(mid[0] < 515 && mid[0] > 505)
  23   2                      {
  24   3                              continue;
  25   3                      }
  26   2                      if(mid[0]==1)
  27   2                      {
  28   3                              mid[0] = 0;
  29   3                      }
  30   2                      DisplayListChar(0,1,"当前电压值为：");
  31   2                      DisplayFloatNumber(0, 2, 4.888*mid[0],13);
  32   2                      DisplayOneChar(7,2,'V');
  33   2                      Delayms(1);
  34   2                      DisplayNumber(0,4,mid[0],8);
  35   2                      Delayms(1000);  
  36   2              }
  37   1      }
  38          
  39          
  40          //主初始化函数
  41          void MnInit(void)
  42          {
  43   1              TimerInit();
  44   1              LCDInit();
  45   1      //      LCD_Init();
  46   1              DisplayInit();
  47   1              led = 1;
  48   1      }


MODULE INFORMATION:   STATIC OVERLAYABLE
   CODE SIZE        =    152    ----
   CONSTANT SIZE    =     15    ----
   XDATA SIZE       =   ----    ----
C51 COMPILER V9.00   MAN                                                                   06/27/2015 09:59:03 PAGE 2   

   PDATA SIZE       =   ----    ----
   DATA SIZE        =   ----    ----
   IDATA SIZE       =   ----    ----
   BIT SIZE         =   ----    ----
END OF MODULE INFORMATION.


C51 COMPILATION COMPLETE.  0 WARNING(S),  0 ERROR(S)
