C51 COMPILER V9.00   TIMER                                                                 06/27/2015 09:59:03 PAGE 1   


C51 COMPILER V9.00, COMPILATION OF MODULE TIMER
OBJECT MODULE PLACED IN ..\OBJ\timer.obj
COMPILER INVOKED BY: D:\Program Files\Keil\C51\BIN\C51.EXE ..\HARDWARE\TIMER\timer.c BROWSE INCDIR(..\HARDWARE\LCD12864;
                    -..\HARDWARE\TIMER;..\HARDWARE\TLC5615;..\PROJECT;..\USER;..\HARDWARE\LCD1602) DEBUG OBJECTEXTEND PRINT(.\timer.lst) OBJE
                    -CT(..\OBJ\timer.obj)

line level    source

   1          #include "timer.h"
   2          
   3          //系统时间
   4          u16 system_time;
   5          
   6          void TimerInit(void)
   7          {
   8   1              //总中断打开
   9   1              EA = 1;
  10   1              //有关定时器2的设置
  11   1              T2CON = 0;
  12   1              T2MOD = 0;
  13   1              ET2 = 1;
  14   1              TR2 = 1;  //启动
  15   1              RCAP2H = (0xFFFF - 1000) >> 8;
  16   1              RCAP2L = (0xFFFF - 1000) & 0xFF;
  17   1              
  18   1              //定时器状态控制变量初始化
  19   1              system_time = 0;
  20   1      }
  21          
  22          //定时器2的中断函数
  23          
  24          void timer2(void) interrupt 5
  25          {
  26   1              TF2 = 0;  //定时器2必须由软件对溢出标志位清零
  27   1              system_time++;
  28   1      }
  29          
  30          void Delayms(u16 ms)
  31          {
  32   1              u16 tmp_delay;
  33   1              tmp_delay = system_time;
  34   1              for(;system_time-tmp_delay<ms;)
  35   1              {}
  36   1      }
  37          


MODULE INFORMATION:   STATIC OVERLAYABLE
   CODE SIZE        =     58    ----
   CONSTANT SIZE    =   ----    ----
   XDATA SIZE       =   ----    ----
   PDATA SIZE       =   ----    ----
   DATA SIZE        =      2    ----
   IDATA SIZE       =   ----    ----
   BIT SIZE         =   ----    ----
END OF MODULE INFORMATION.


C51 COMPILATION COMPLETE.  0 WARNING(S),  0 ERROR(S)
